[2025-01-27T14:18:16.453+0000][gc,heap] Heap region size: 1M
[2025-01-27T14:18:16.468+0000][gc     ] Using G1
[2025-01-27T14:18:16.468+0000][gc,heap,coops] Heap address: 0x00000000c0000000, size: 1024 MB, Compressed Oops mode: 32-bit
[2025-01-27T14:18:16.468+0000][gc,cds       ] Mark closed archive regions in map: [0x00000000fff00000, 0x00000000fff6bff8]
[2025-01-27T14:18:16.468+0000][gc,cds       ] Mark open archive regions in map: [0x00000000ffe00000, 0x00000000ffe47ff8]
[2025-01-27T14:18:17.620+0000][gc,start     ] GC(0) Pause Young (Normal) (G1 Evacuation Pause)
[2025-01-27T14:18:17.621+0000][gc,task      ] GC(0) Using 2 workers of 2 for evacuation
[2025-01-27T14:18:17.632+0000][gc,phases    ] GC(0)   Pre Evacuate Collection Set: 0.0ms
[2025-01-27T14:18:17.632+0000][gc,phases    ] GC(0)   Evacuate Collection Set: 11.3ms
[2025-01-27T14:18:17.632+0000][gc,phases    ] GC(0)   Post Evacuate Collection Set: 0.3ms
[2025-01-27T14:18:17.632+0000][gc,phases    ] GC(0)   Other: 0.2ms
[2025-01-27T14:18:17.632+0000][gc,heap      ] GC(0) Eden regions: 51->0(44)
[2025-01-27T14:18:17.632+0000][gc,heap      ] GC(0) Survivor regions: 0->7(7)
[2025-01-27T14:18:17.632+0000][gc,heap      ] GC(0) Old regions: 2->2
[2025-01-27T14:18:17.632+0000][gc,heap      ] GC(0) Humongous regions: 0->0
[2025-01-27T14:18:17.632+0000][gc,metaspace ] GC(0) Metaspace: 16426K(17280K)->16426K(17280K) NonClass: 14234K(14848K)->14234K(14848K) Class: 2191K(2432K)->2191K(2432K)
[2025-01-27T14:18:17.632+0000][gc           ] GC(0) Pause Young (Normal) (G1 Evacuation Pause) 51M->7M(1024M) 12.010ms
[2025-01-27T14:18:17.632+0000][gc,cpu       ] GC(0) User=0.01s Sys=0.01s Real=0.01s
[2025-01-27T14:18:17.927+0000][gc,start     ] GC(1) Pause Young (Concurrent Start) (Metadata GC Threshold)
[2025-01-27T14:18:17.927+0000][gc,task      ] GC(1) Using 2 workers of 2 for evacuation
[2025-01-27T14:18:17.951+0000][gc,mmu       ] GC(1) MMU target violated: 21.0ms (20.0ms/21.0ms)
[2025-01-27T14:18:17.951+0000][gc,phases    ] GC(1)   Pre Evacuate Collection Set: 0.1ms
[2025-01-27T14:18:17.951+0000][gc,phases    ] GC(1)   Evacuate Collection Set: 22.4ms
[2025-01-27T14:18:17.951+0000][gc,phases    ] GC(1)   Post Evacuate Collection Set: 0.8ms
[2025-01-27T14:18:17.951+0000][gc,phases    ] GC(1)   Other: 0.2ms
[2025-01-27T14:18:17.951+0000][gc,heap      ] GC(1) Eden regions: 18->0(50)
[2025-01-27T14:18:17.951+0000][gc,heap      ] GC(1) Survivor regions: 7->1(7)
[2025-01-27T14:18:17.951+0000][gc,heap      ] GC(1) Old regions: 2->9
[2025-01-27T14:18:17.951+0000][gc,heap      ] GC(1) Humongous regions: 0->0
[2025-01-27T14:18:17.951+0000][gc,metaspace ] GC(1) Metaspace: 20580K(21248K)->20580K(21248K) NonClass: 17768K(18176K)->17768K(18176K) Class: 2812K(3072K)->2812K(3072K)
[2025-01-27T14:18:17.951+0000][gc           ] GC(1) Pause Young (Concurrent Start) (Metadata GC Threshold) 24M->7M(1024M) 23.592ms
[2025-01-27T14:18:17.951+0000][gc,cpu       ] GC(1) User=0.02s Sys=0.00s Real=0.02s
[2025-01-27T14:18:17.951+0000][gc           ] GC(2) Concurrent Cycle
[2025-01-27T14:18:17.951+0000][gc,marking   ] GC(2) Concurrent Clear Claimed Marks
[2025-01-27T14:18:17.951+0000][gc,marking   ] GC(2) Concurrent Clear Claimed Marks 0.037ms
[2025-01-27T14:18:17.951+0000][gc,marking   ] GC(2) Concurrent Scan Root Regions
[2025-01-27T14:18:17.954+0000][gc,marking   ] GC(2) Concurrent Scan Root Regions 3.133ms
[2025-01-27T14:18:17.954+0000][gc,marking   ] GC(2) Concurrent Mark (1.505s)
[2025-01-27T14:18:17.954+0000][gc,marking   ] GC(2) Concurrent Mark From Roots
[2025-01-27T14:18:17.954+0000][gc,task      ] GC(2) Using 1 workers of 1 for marking
[2025-01-27T14:18:17.963+0000][gc,marking   ] GC(2) Concurrent Mark From Roots 9.197ms
[2025-01-27T14:18:17.963+0000][gc,marking   ] GC(2) Concurrent Preclean
[2025-01-27T14:18:17.964+0000][gc,marking   ] GC(2) Concurrent Preclean 0.049ms
[2025-01-27T14:18:17.964+0000][gc,marking   ] GC(2) Concurrent Mark (1.505s, 1.514s) 9.294ms
[2025-01-27T14:18:17.964+0000][gc,start     ] GC(2) Pause Remark
[2025-01-27T14:18:17.967+0000][gc,stringtable] GC(2) Cleaned string and symbol table, strings: 5514 processed, 0 removed, symbols: 50587 processed, 50 removed
[2025-01-27T14:18:17.968+0000][gc            ] GC(2) Pause Remark 8M->8M(1024M) 3.784ms
[2025-01-27T14:18:17.968+0000][gc,cpu        ] GC(2) User=0.00s Sys=0.00s Real=0.00s
[2025-01-27T14:18:17.968+0000][gc,marking    ] GC(2) Concurrent Rebuild Remembered Sets
[2025-01-27T14:18:17.972+0000][gc,marking    ] GC(2) Concurrent Rebuild Remembered Sets 4.374ms
[2025-01-27T14:18:17.972+0000][gc,start      ] GC(2) Pause Cleanup
[2025-01-27T14:18:17.973+0000][gc            ] GC(2) Pause Cleanup 8M->8M(1024M) 0.167ms
[2025-01-27T14:18:17.973+0000][gc,cpu        ] GC(2) User=0.00s Sys=0.00s Real=0.00s
[2025-01-27T14:18:17.973+0000][gc,marking    ] GC(2) Concurrent Cleanup for Next Mark
[2025-01-27T14:18:17.983+0000][gc,marking    ] GC(2) Concurrent Cleanup for Next Mark 10.762ms
[2025-01-27T14:18:17.983+0000][gc            ] GC(2) Concurrent Cycle 32.482ms
[2025-01-27T14:18:18.914+0000][gc,start      ] GC(3) Pause Young (Normal) (G1 Evacuation Pause)
[2025-01-27T14:18:18.914+0000][gc,task       ] GC(3) Using 2 workers of 2 for evacuation
[2025-01-27T14:18:18.924+0000][gc,phases     ] GC(3)   Pre Evacuate Collection Set: 0.0ms
[2025-01-27T14:18:18.924+0000][gc,phases     ] GC(3)   Evacuate Collection Set: 9.3ms
[2025-01-27T14:18:18.924+0000][gc,phases     ] GC(3)   Post Evacuate Collection Set: 0.3ms
[2025-01-27T14:18:18.924+0000][gc,phases     ] GC(3)   Other: 0.2ms
[2025-01-27T14:18:18.924+0000][gc,heap       ] GC(3) Eden regions: 50->0(46)
[2025-01-27T14:18:18.924+0000][gc,heap       ] GC(3) Survivor regions: 1->5(7)
[2025-01-27T14:18:18.924+0000][gc,heap       ] GC(3) Old regions: 9->9
[2025-01-27T14:18:18.924+0000][gc,heap       ] GC(3) Humongous regions: 129->129
[2025-01-27T14:18:18.924+0000][gc,metaspace  ] GC(3) Metaspace: 30320K(31612K)->30320K(31612K) NonClass: 26591K(27392K)->26591K(27392K) Class: 3728K(4220K)->3728K(4220K)
[2025-01-27T14:18:18.924+0000][gc            ] GC(3) Pause Young (Normal) (G1 Evacuation Pause) 186M->140M(1024M) 9.886ms
[2025-01-27T14:18:18.924+0000][gc,cpu        ] GC(3) User=0.01s Sys=0.00s Real=0.02s
[2025-01-27T14:19:08.954+0000][gc,start      ] GC(4) Pause Young (Concurrent Start) (Metadata GC Threshold)
[2025-01-27T14:19:08.954+0000][gc,task       ] GC(4) Using 2 workers of 2 for evacuation
[2025-01-27T14:19:08.966+0000][gc,phases     ] GC(4)   Pre Evacuate Collection Set: 0.1ms
[2025-01-27T14:19:08.966+0000][gc,phases     ] GC(4)   Evacuate Collection Set: 10.0ms
[2025-01-27T14:19:08.966+0000][gc,phases     ] GC(4)   Post Evacuate Collection Set: 0.3ms
[2025-01-27T14:19:08.966+0000][gc,phases     ] GC(4)   Other: 1.6ms
[2025-01-27T14:19:08.966+0000][gc,heap       ] GC(4) Eden regions: 20->0(49)
[2025-01-27T14:19:08.966+0000][gc,heap       ] GC(4) Survivor regions: 5->2(7)
[2025-01-27T14:19:08.966+0000][gc,heap       ] GC(4) Old regions: 9->13
[2025-01-27T14:19:08.966+0000][gc,heap       ] GC(4) Humongous regions: 129->129
[2025-01-27T14:19:08.966+0000][gc,metaspace  ] GC(4) Metaspace: 34499K(36048K)->34499K(36048K) NonClass: 30123K(30932K)->30123K(30932K) Class: 4376K(5116K)->4376K(5116K)
[2025-01-27T14:19:08.966+0000][gc            ] GC(4) Pause Young (Concurrent Start) (Metadata GC Threshold) 160M->141M(1024M) 12.105ms
[2025-01-27T14:19:08.966+0000][gc,cpu        ] GC(4) User=0.02s Sys=0.00s Real=0.02s
[2025-01-27T14:19:08.966+0000][gc            ] GC(5) Concurrent Cycle
[2025-01-27T14:19:08.966+0000][gc,marking    ] GC(5) Concurrent Clear Claimed Marks
[2025-01-27T14:19:08.966+0000][gc,marking    ] GC(5) Concurrent Clear Claimed Marks 0.090ms
[2025-01-27T14:19:08.966+0000][gc,marking    ] GC(5) Concurrent Scan Root Regions
[2025-01-27T14:19:08.967+0000][gc,marking    ] GC(5) Concurrent Scan Root Regions 1.116ms
[2025-01-27T14:19:08.967+0000][gc,marking    ] GC(5) Concurrent Mark (52.518s)
[2025-01-27T14:19:08.967+0000][gc,marking    ] GC(5) Concurrent Mark From Roots
[2025-01-27T14:19:08.967+0000][gc,task       ] GC(5) Using 1 workers of 1 for marking
[2025-01-27T14:19:08.994+0000][gc,marking    ] GC(5) Concurrent Mark From Roots 27.001ms
[2025-01-27T14:19:08.994+0000][gc,marking    ] GC(5) Concurrent Preclean
[2025-01-27T14:19:08.994+0000][gc,marking    ] GC(5) Concurrent Preclean 0.067ms
[2025-01-27T14:19:08.994+0000][gc,marking    ] GC(5) Concurrent Mark (52.518s, 52.545s) 27.134ms
[2025-01-27T14:19:08.995+0000][gc,start      ] GC(5) Pause Remark
[2025-01-27T14:19:08.998+0000][gc,stringtable] GC(5) Cleaned string and symbol table, strings: 10036 processed, 10 removed, symbols: 80071 processed, 20 removed
[2025-01-27T14:19:08.999+0000][gc            ] GC(5) Pause Remark 143M->143M(1024M) 3.925ms
[2025-01-27T14:19:08.999+0000][gc,cpu        ] GC(5) User=0.01s Sys=0.00s Real=0.00s
[2025-01-27T14:19:08.999+0000][gc,marking    ] GC(5) Concurrent Rebuild Remembered Sets
[2025-01-27T14:19:09.019+0000][gc,marking    ] GC(5) Concurrent Rebuild Remembered Sets 20.443ms
[2025-01-27T14:19:09.020+0000][gc,start      ] GC(5) Pause Cleanup
[2025-01-27T14:19:09.020+0000][gc            ] GC(5) Pause Cleanup 144M->144M(1024M) 0.214ms
[2025-01-27T14:19:09.020+0000][gc,cpu        ] GC(5) User=0.00s Sys=0.00s Real=0.00s
[2025-01-27T14:19:09.020+0000][gc,marking    ] GC(5) Concurrent Cleanup for Next Mark
[2025-01-27T14:19:09.047+0000][gc,marking    ] GC(5) Concurrent Cleanup for Next Mark 27.327ms
[2025-01-27T14:19:09.047+0000][gc            ] GC(5) Concurrent Cycle 81.366ms
[2025-01-27T14:43:33.387+0000][gc,start      ] GC(6) Pause Young (Normal) (G1 Evacuation Pause)
[2025-01-27T14:43:33.387+0000][gc,task       ] GC(6) Using 2 workers of 2 for evacuation
[2025-01-27T14:43:33.401+0000][gc,phases     ] GC(6)   Pre Evacuate Collection Set: 0.0ms
[2025-01-27T14:43:33.401+0000][gc,phases     ] GC(6)   Evacuate Collection Set: 13.1ms
[2025-01-27T14:43:33.401+0000][gc,phases     ] GC(6)   Post Evacuate Collection Set: 0.5ms
[2025-01-27T14:43:33.401+0000][gc,phases     ] GC(6)   Other: 0.2ms
[2025-01-27T14:43:33.401+0000][gc,heap       ] GC(6) Eden regions: 49->0(48)
[2025-01-27T14:43:33.401+0000][gc,heap       ] GC(6) Survivor regions: 2->3(7)
[2025-01-27T14:43:33.401+0000][gc,heap       ] GC(6) Old regions: 13->13
[2025-01-27T14:43:33.401+0000][gc,heap       ] GC(6) Humongous regions: 129->129
[2025-01-27T14:43:33.401+0000][gc,metaspace  ] GC(6) Metaspace: 37802K(39760K)->37802K(39760K) NonClass: 32922K(34004K)->32922K(34004K) Class: 4879K(5756K)->4879K(5756K)
[2025-01-27T14:43:33.401+0000][gc            ] GC(6) Pause Young (Normal) (G1 Evacuation Pause) 190M->143M(1024M) 13.867ms
[2025-01-27T14:43:33.401+0000][gc,cpu        ] GC(6) User=0.02s Sys=0.00s Real=0.01s
[2025-01-27T14:44:09.283+0000][gc,start      ] GC(7) Pause Young (Normal) (G1 Evacuation Pause)
[2025-01-27T14:44:09.283+0000][gc,task       ] GC(7) Using 2 workers of 2 for evacuation
[2025-01-27T14:44:09.291+0000][gc,phases     ] GC(7)   Pre Evacuate Collection Set: 0.0ms
[2025-01-27T14:44:09.291+0000][gc,phases     ] GC(7)   Evacuate Collection Set: 6.1ms
[2025-01-27T14:44:09.291+0000][gc,phases     ] GC(7)   Post Evacuate Collection Set: 1.0ms
[2025-01-27T14:44:09.291+0000][gc,phases     ] GC(7)   Other: 0.2ms
[2025-01-27T14:44:09.291+0000][gc,heap       ] GC(7) Eden regions: 48->0(47)
[2025-01-27T14:44:09.291+0000][gc,heap       ] GC(7) Survivor regions: 3->4(7)
[2025-01-27T14:44:09.291+0000][gc,heap       ] GC(7) Old regions: 13->13
[2025-01-27T14:44:09.291+0000][gc,heap       ] GC(7) Humongous regions: 129->129
[2025-01-27T14:44:09.291+0000][gc,metaspace  ] GC(7) Metaspace: 39059K(41040K)->39059K(41040K) NonClass: 34038K(35028K)->34038K(35028K) Class: 5020K(6012K)->5020K(6012K)
[2025-01-27T14:44:09.291+0000][gc            ] GC(7) Pause Young (Normal) (G1 Evacuation Pause) 191M->144M(1024M) 7.484ms
[2025-01-27T14:44:09.291+0000][gc,cpu        ] GC(7) User=0.01s Sys=0.00s Real=0.00s
[2025-01-27T14:44:49.574+0000][gc,start      ] GC(8) Pause Young (Normal) (G1 Evacuation Pause)
[2025-01-27T14:44:49.574+0000][gc,task       ] GC(8) Using 2 workers of 2 for evacuation
[2025-01-27T14:44:49.581+0000][gc,phases     ] GC(8)   Pre Evacuate Collection Set: 0.0ms
[2025-01-27T14:44:49.581+0000][gc,phases     ] GC(8)   Evacuate Collection Set: 6.2ms
[2025-01-27T14:44:49.581+0000][gc,phases     ] GC(8)   Post Evacuate Collection Set: 0.6ms
[2025-01-27T14:44:49.581+0000][gc,phases     ] GC(8)   Other: 0.2ms
[2025-01-27T14:44:49.581+0000][gc,heap       ] GC(8) Eden regions: 47->0(47)
[2025-01-27T14:44:49.581+0000][gc,heap       ] GC(8) Survivor regions: 4->4(7)
[2025-01-27T14:44:49.581+0000][gc,heap       ] GC(8) Old regions: 13->13
[2025-01-27T14:44:49.581+0000][gc,heap       ] GC(8) Humongous regions: 129->129
[2025-01-27T14:44:49.581+0000][gc,metaspace  ] GC(8) Metaspace: 39100K(41040K)->39100K(41040K) NonClass: 34078K(35028K)->34078K(35028K) Class: 5021K(6012K)->5021K(6012K)
[2025-01-27T14:44:49.581+0000][gc            ] GC(8) Pause Young (Normal) (G1 Evacuation Pause) 191M->144M(1024M) 7.060ms
[2025-01-27T14:44:49.581+0000][gc,cpu        ] GC(8) User=0.01s Sys=0.00s Real=0.01s
[2025-01-27T14:45:30.741+0000][gc,start      ] GC(9) Pause Young (Normal) (G1 Evacuation Pause)
[2025-01-27T14:45:30.741+0000][gc,task       ] GC(9) Using 2 workers of 2 for evacuation
[2025-01-27T14:45:30.748+0000][gc,phases     ] GC(9)   Pre Evacuate Collection Set: 0.0ms
[2025-01-27T14:45:30.748+0000][gc,phases     ] GC(9)   Evacuate Collection Set: 6.2ms
[2025-01-27T14:45:30.748+0000][gc,phases     ] GC(9)   Post Evacuate Collection Set: 0.6ms
[2025-01-27T14:45:30.748+0000][gc,phases     ] GC(9)   Other: 0.2ms
[2025-01-27T14:45:30.748+0000][gc,heap       ] GC(9) Eden regions: 47->0(47)
[2025-01-27T14:45:30.748+0000][gc,heap       ] GC(9) Survivor regions: 4->4(7)
[2025-01-27T14:45:30.748+0000][gc,heap       ] GC(9) Old regions: 13->13
[2025-01-27T14:45:30.748+0000][gc,heap       ] GC(9) Humongous regions: 129->129
[2025-01-27T14:45:30.748+0000][gc,metaspace  ] GC(9) Metaspace: 39122K(41296K)->39122K(41296K) NonClass: 34101K(35284K)->34101K(35284K) Class: 5021K(6012K)->5021K(6012K)
[2025-01-27T14:45:30.748+0000][gc            ] GC(9) Pause Young (Normal) (G1 Evacuation Pause) 191M->143M(1024M) 7.037ms
[2025-01-27T14:45:30.748+0000][gc,cpu        ] GC(9) User=0.01s Sys=0.00s Real=0.01s
[2025-01-27T14:46:11.647+0000][gc,start      ] GC(10) Pause Young (Normal) (G1 Evacuation Pause)
[2025-01-27T14:46:11.647+0000][gc,task       ] GC(10) Using 2 workers of 2 for evacuation
[2025-01-27T14:46:11.654+0000][gc,phases     ] GC(10)   Pre Evacuate Collection Set: 0.0ms
[2025-01-27T14:46:11.654+0000][gc,phases     ] GC(10)   Evacuate Collection Set: 6.2ms
[2025-01-27T14:46:11.654+0000][gc,phases     ] GC(10)   Post Evacuate Collection Set: 0.5ms
[2025-01-27T14:46:11.654+0000][gc,phases     ] GC(10)   Other: 0.2ms
[2025-01-27T14:46:11.654+0000][gc,heap       ] GC(10) Eden regions: 47->0(47)
[2025-01-27T14:46:11.654+0000][gc,heap       ] GC(10) Survivor regions: 4->4(7)
[2025-01-27T14:46:11.654+0000][gc,heap       ] GC(10) Old regions: 13->13
[2025-01-27T14:46:11.654+0000][gc,heap       ] GC(10) Humongous regions: 129->129
[2025-01-27T14:46:11.654+0000][gc,metaspace  ] GC(10) Metaspace: 39171K(41296K)->39171K(41296K) NonClass: 34150K(35284K)->34150K(35284K) Class: 5021K(6012K)->5021K(6012K)
[2025-01-27T14:46:11.654+0000][gc            ] GC(10) Pause Young (Normal) (G1 Evacuation Pause) 190M->144M(1024M) 7.018ms
[2025-01-27T14:46:11.654+0000][gc,cpu        ] GC(10) User=0.01s Sys=0.00s Real=0.00s
[2025-01-27T14:46:53.003+0000][gc,start      ] GC(11) Pause Young (Normal) (G1 Evacuation Pause)
[2025-01-27T14:46:53.003+0000][gc,task       ] GC(11) Using 2 workers of 2 for evacuation
[2025-01-27T14:46:53.010+0000][gc,phases     ] GC(11)   Pre Evacuate Collection Set: 0.0ms
[2025-01-27T14:46:53.010+0000][gc,phases     ] GC(11)   Evacuate Collection Set: 6.1ms
[2025-01-27T14:46:53.010+0000][gc,phases     ] GC(11)   Post Evacuate Collection Set: 0.6ms
[2025-01-27T14:46:53.010+0000][gc,phases     ] GC(11)   Other: 0.2ms
[2025-01-27T14:46:53.010+0000][gc,heap       ] GC(11) Eden regions: 47->0(47)
[2025-01-27T14:46:53.010+0000][gc,heap       ] GC(11) Survivor regions: 4->4(7)
[2025-01-27T14:46:53.010+0000][gc,heap       ] GC(11) Old regions: 13->13
[2025-01-27T14:46:53.010+0000][gc,heap       ] GC(11) Humongous regions: 129->129
[2025-01-27T14:46:53.010+0000][gc,metaspace  ] GC(11) Metaspace: 39197K(41296K)->39197K(41296K) NonClass: 34176K(35284K)->34176K(35284K) Class: 5021K(6012K)->5021K(6012K)
[2025-01-27T14:46:53.010+0000][gc            ] GC(11) Pause Young (Normal) (G1 Evacuation Pause) 191M->144M(1024M) 6.986ms
[2025-01-27T14:46:53.010+0000][gc,cpu        ] GC(11) User=0.02s Sys=0.00s Real=0.00s
[2025-01-27T14:47:35.189+0000][gc,start      ] GC(12) Pause Young (Normal) (G1 Evacuation Pause)
[2025-01-27T14:47:35.189+0000][gc,task       ] GC(12) Using 2 workers of 2 for evacuation
[2025-01-27T14:47:35.196+0000][gc,phases     ] GC(12)   Pre Evacuate Collection Set: 0.0ms
[2025-01-27T14:47:35.196+0000][gc,phases     ] GC(12)   Evacuate Collection Set: 5.9ms
[2025-01-27T14:47:35.196+0000][gc,phases     ] GC(12)   Post Evacuate Collection Set: 0.5ms
[2025-01-27T14:47:35.196+0000][gc,phases     ] GC(12)   Other: 0.2ms
[2025-01-27T14:47:35.196+0000][gc,heap       ] GC(12) Eden regions: 47->0(47)
[2025-01-27T14:47:35.196+0000][gc,heap       ] GC(12) Survivor regions: 4->4(7)
[2025-01-27T14:47:35.196+0000][gc,heap       ] GC(12) Old regions: 13->13
[2025-01-27T14:47:35.196+0000][gc,heap       ] GC(12) Humongous regions: 129->129
[2025-01-27T14:47:35.196+0000][gc,metaspace  ] GC(12) Metaspace: 39200K(41296K)->39200K(41296K) NonClass: 34179K(35284K)->34179K(35284K) Class: 5021K(6012K)->5021K(6012K)
[2025-01-27T14:47:35.196+0000][gc            ] GC(12) Pause Young (Normal) (G1 Evacuation Pause) 191M->144M(1024M) 6.703ms
[2025-01-27T14:47:35.196+0000][gc,cpu        ] GC(12) User=0.02s Sys=0.00s Real=0.01s
[2025-01-27T14:48:17.377+0000][gc,start      ] GC(13) Pause Young (Normal) (G1 Evacuation Pause)
[2025-01-27T14:48:17.377+0000][gc,task       ] GC(13) Using 2 workers of 2 for evacuation
[2025-01-27T14:48:17.384+0000][gc,phases     ] GC(13)   Pre Evacuate Collection Set: 0.0ms
[2025-01-27T14:48:17.384+0000][gc,phases     ] GC(13)   Evacuate Collection Set: 6.1ms
[2025-01-27T14:48:17.384+0000][gc,phases     ] GC(13)   Post Evacuate Collection Set: 0.4ms
[2025-01-27T14:48:17.384+0000][gc,phases     ] GC(13)   Other: 0.3ms
[2025-01-27T14:48:17.384+0000][gc,heap       ] GC(13) Eden regions: 47->0(51)
[2025-01-27T14:48:17.384+0000][gc,heap       ] GC(13) Survivor regions: 4->4(7)
[2025-01-27T14:48:17.384+0000][gc,heap       ] GC(13) Old regions: 13->13
[2025-01-27T14:48:17.384+0000][gc,heap       ] GC(13) Humongous regions: 129->129
[2025-01-27T14:48:17.384+0000][gc,metaspace  ] GC(13) Metaspace: 39205K(41296K)->39205K(41296K) NonClass: 34183K(35284K)->34183K(35284K) Class: 5021K(6012K)->5021K(6012K)
[2025-01-27T14:48:17.384+0000][gc            ] GC(13) Pause Young (Normal) (G1 Evacuation Pause) 191M->144M(1024M) 6.955ms
[2025-01-27T14:48:17.384+0000][gc,cpu        ] GC(13) User=0.01s Sys=0.00s Real=0.01s
[2025-01-27T14:49:02.279+0000][gc,start      ] GC(14) Pause Young (Normal) (G1 Evacuation Pause)
[2025-01-27T14:49:02.279+0000][gc,task       ] GC(14) Using 2 workers of 2 for evacuation
[2025-01-27T14:49:02.286+0000][gc,phases     ] GC(14)   Pre Evacuate Collection Set: 0.0ms
[2025-01-27T14:49:02.286+0000][gc,phases     ] GC(14)   Evacuate Collection Set: 6.6ms
[2025-01-27T14:49:02.286+0000][gc,phases     ] GC(14)   Post Evacuate Collection Set: 0.6ms
[2025-01-27T14:49:02.286+0000][gc,phases     ] GC(14)   Other: 0.3ms
[2025-01-27T14:49:02.286+0000][gc,heap       ] GC(14) Eden regions: 51->0(56)
[2025-01-27T14:49:02.286+0000][gc,heap       ] GC(14) Survivor regions: 4->4(7)
[2025-01-27T14:49:02.286+0000][gc,heap       ] GC(14) Old regions: 13->13
[2025-01-27T14:49:02.286+0000][gc,heap       ] GC(14) Humongous regions: 129->129
[2025-01-27T14:49:02.286+0000][gc,metaspace  ] GC(14) Metaspace: 39326K(41296K)->39326K(41296K) NonClass: 34275K(35284K)->34275K(35284K) Class: 5050K(6012K)->5050K(6012K)
[2025-01-27T14:49:02.286+0000][gc            ] GC(14) Pause Young (Normal) (G1 Evacuation Pause) 195M->144M(1024M) 7.574ms
[2025-01-27T14:49:02.287+0000][gc,cpu        ] GC(14) User=0.01s Sys=0.00s Real=0.01s
[2025-01-27T14:49:51.703+0000][gc,start      ] GC(15) Pause Young (Normal) (G1 Evacuation Pause)
[2025-01-27T14:49:51.703+0000][gc,task       ] GC(15) Using 2 workers of 2 for evacuation
[2025-01-27T14:49:51.711+0000][gc,phases     ] GC(15)   Pre Evacuate Collection Set: 0.0ms
[2025-01-27T14:49:51.711+0000][gc,phases     ] GC(15)   Evacuate Collection Set: 6.9ms
[2025-01-27T14:49:51.711+0000][gc,phases     ] GC(15)   Post Evacuate Collection Set: 0.4ms
[2025-01-27T14:49:51.711+0000][gc,phases     ] GC(15)   Other: 0.2ms
[2025-01-27T14:49:51.711+0000][gc,heap       ] GC(15) Eden regions: 56->0(60)
[2025-01-27T14:49:51.711+0000][gc,heap       ] GC(15) Survivor regions: 4->4(8)
[2025-01-27T14:49:51.711+0000][gc,heap       ] GC(15) Old regions: 13->13
[2025-01-27T14:49:51.711+0000][gc,heap       ] GC(15) Humongous regions: 129->129
[2025-01-27T14:49:51.711+0000][gc,metaspace  ] GC(15) Metaspace: 39363K(41552K)->39363K(41552K) NonClass: 34313K(35540K)->34313K(35540K) Class: 5050K(6012K)->5050K(6012K)
[2025-01-27T14:49:51.711+0000][gc            ] GC(15) Pause Young (Normal) (G1 Evacuation Pause) 200M->144M(1024M) 7.583ms
[2025-01-27T14:49:51.711+0000][gc,cpu        ] GC(15) User=0.01s Sys=0.00s Real=0.00s
[2025-01-27T15:14:54.120+0000][gc,start      ] GC(16) Pause Young (Normal) (G1 Evacuation Pause)
[2025-01-27T15:14:54.120+0000][gc,task       ] GC(16) Using 2 workers of 2 for evacuation
[2025-01-27T15:14:54.128+0000][gc,phases     ] GC(16)   Pre Evacuate Collection Set: 0.0ms
[2025-01-27T15:14:54.128+0000][gc,phases     ] GC(16)   Evacuate Collection Set: 7.5ms
[2025-01-27T15:14:54.128+0000][gc,phases     ] GC(16)   Post Evacuate Collection Set: 0.5ms
[2025-01-27T15:14:54.128+0000][gc,phases     ] GC(16)   Other: 0.2ms
[2025-01-27T15:14:54.128+0000][gc,heap       ] GC(16) Eden regions: 60->0(64)
[2025-01-27T15:14:54.128+0000][gc,heap       ] GC(16) Survivor regions: 4->4(8)
[2025-01-27T15:14:54.128+0000][gc,heap       ] GC(16) Old regions: 13->13
[2025-01-27T15:14:54.128+0000][gc,heap       ] GC(16) Humongous regions: 129->129
[2025-01-27T15:14:54.128+0000][gc,metaspace  ] GC(16) Metaspace: 39724K(41808K)->39724K(41808K) NonClass: 34646K(35796K)->34646K(35796K) Class: 5077K(6012K)->5077K(6012K)
[2025-01-27T15:14:54.128+0000][gc            ] GC(16) Pause Young (Normal) (G1 Evacuation Pause) 204M->144M(1024M) 8.356ms
[2025-01-27T15:14:54.128+0000][gc,cpu        ] GC(16) User=0.01s Sys=0.00s Real=0.01s
[2025-01-27T15:59:39.120+0000][gc,start      ] GC(17) Pause Young (Normal) (G1 Evacuation Pause)
[2025-01-27T15:59:39.120+0000][gc,task       ] GC(17) Using 2 workers of 2 for evacuation
[2025-01-27T15:59:39.129+0000][gc,phases     ] GC(17)   Pre Evacuate Collection Set: 0.0ms
[2025-01-27T15:59:39.129+0000][gc,phases     ] GC(17)   Evacuate Collection Set: 8.0ms
[2025-01-27T15:59:39.129+0000][gc,phases     ] GC(17)   Post Evacuate Collection Set: 0.5ms
[2025-01-27T15:59:39.129+0000][gc,phases     ] GC(17)   Other: 0.2ms
[2025-01-27T15:59:39.129+0000][gc,heap       ] GC(17) Eden regions: 64->0(66)
[2025-01-27T15:59:39.129+0000][gc,heap       ] GC(17) Survivor regions: 4->4(9)
[2025-01-27T15:59:39.129+0000][gc,heap       ] GC(17) Old regions: 13->13
[2025-01-27T15:59:39.129+0000][gc,heap       ] GC(17) Humongous regions: 129->129
[2025-01-27T15:59:39.129+0000][gc,metaspace  ] GC(17) Metaspace: 39931K(42192K)->39931K(42192K) NonClass: 34843K(36052K)->34843K(36052K) Class: 5088K(6140K)->5088K(6140K)
[2025-01-27T15:59:39.129+0000][gc            ] GC(17) Pause Young (Normal) (G1 Evacuation Pause) 208M->144M(1024M) 8.803ms
[2025-01-27T15:59:39.129+0000][gc,cpu        ] GC(17) User=0.02s Sys=0.00s Real=0.01s
[2025-01-27T16:39:07.977+0000][gc,start      ] GC(18) Pause Young (Normal) (G1 Evacuation Pause)
[2025-01-27T16:39:07.982+0000][gc,task       ] GC(18) Using 2 workers of 2 for evacuation
[2025-01-27T16:39:08.013+0000][gc,mmu        ] GC(18) MMU target violated: 21.0ms (20.0ms/21.0ms)
[2025-01-27T16:39:08.013+0000][gc,phases     ] GC(18)   Pre Evacuate Collection Set: 0.0ms
[2025-01-27T16:39:08.013+0000][gc,phases     ] GC(18)   Evacuate Collection Set: 29.8ms
[2025-01-27T16:39:08.013+0000][gc,phases     ] GC(18)   Post Evacuate Collection Set: 0.8ms
[2025-01-27T16:39:08.013+0000][gc,phases     ] GC(18)   Other: 5.5ms
[2025-01-27T16:39:08.013+0000][gc,heap       ] GC(18) Eden regions: 66->0(299)
[2025-01-27T16:39:08.013+0000][gc,heap       ] GC(18) Survivor regions: 4->5(9)
[2025-01-27T16:39:08.013+0000][gc,heap       ] GC(18) Old regions: 13->13
[2025-01-27T16:39:08.013+0000][gc,heap       ] GC(18) Humongous regions: 129->129
[2025-01-27T16:39:08.013+0000][gc,metaspace  ] GC(18) Metaspace: 40652K(43088K)->40652K(43088K) NonClass: 35491K(36820K)->35491K(36820K) Class: 5161K(6268K)->5161K(6268K)
[2025-01-27T16:39:08.013+0000][gc            ] GC(18) Pause Young (Normal) (G1 Evacuation Pause) 210M->144M(1024M) 36.212ms
[2025-01-27T16:39:08.013+0000][gc,cpu        ] GC(18) User=0.02s Sys=0.00s Real=0.03s
[2025-01-27T16:43:31.592+0000][gc,start      ] GC(19) Pause Young (Normal) (G1 Evacuation Pause)
[2025-01-27T16:43:31.592+0000][gc,task       ] GC(19) Using 2 workers of 2 for evacuation
[2025-01-27T16:43:31.603+0000][gc,phases     ] GC(19)   Pre Evacuate Collection Set: 0.0ms
[2025-01-27T16:43:31.603+0000][gc,phases     ] GC(19)   Evacuate Collection Set: 9.5ms
[2025-01-27T16:43:31.603+0000][gc,phases     ] GC(19)   Post Evacuate Collection Set: 0.7ms
[2025-01-27T16:43:31.603+0000][gc,phases     ] GC(19)   Other: 0.3ms
[2025-01-27T16:43:31.603+0000][gc,heap       ] GC(19) Eden regions: 299->0(299)
[2025-01-27T16:43:31.603+0000][gc,heap       ] GC(19) Survivor regions: 5->5(38)
[2025-01-27T16:43:31.603+0000][gc,heap       ] GC(19) Old regions: 13->13
[2025-01-27T16:43:31.603+0000][gc,heap       ] GC(19) Humongous regions: 129->129
[2025-01-27T16:43:31.603+0000][gc,metaspace  ] GC(19) Metaspace: 40680K(43088K)->40680K(43088K) NonClass: 35519K(36820K)->35519K(36820K) Class: 5161K(6268K)->5161K(6268K)
[2025-01-27T16:43:31.603+0000][gc            ] GC(19) Pause Young (Normal) (G1 Evacuation Pause) 443M->144M(1024M) 10.656ms
[2025-01-27T16:43:31.603+0000][gc,cpu        ] GC(19) User=0.02s Sys=0.00s Real=0.02s
[2025-01-27T16:47:58.841+0000][gc,start      ] GC(20) Pause Young (Normal) (G1 Evacuation Pause)
[2025-01-27T16:47:58.841+0000][gc,task       ] GC(20) Using 2 workers of 2 for evacuation
[2025-01-27T16:47:58.857+0000][gc,phases     ] GC(20)   Pre Evacuate Collection Set: 0.0ms
[2025-01-27T16:47:58.857+0000][gc,phases     ] GC(20)   Evacuate Collection Set: 15.0ms
[2025-01-27T16:47:58.857+0000][gc,phases     ] GC(20)   Post Evacuate Collection Set: 1.1ms
[2025-01-27T16:47:58.857+0000][gc,phases     ] GC(20)   Other: 0.2ms
[2025-01-27T16:47:58.857+0000][gc,heap       ] GC(20) Eden regions: 299->0(302)
[2025-01-27T16:47:58.857+0000][gc,heap       ] GC(20) Survivor regions: 5->4(38)
[2025-01-27T16:47:58.857+0000][gc,heap       ] GC(20) Old regions: 13->14
[2025-01-27T16:47:58.857+0000][gc,heap       ] GC(20) Humongous regions: 129->129
[2025-01-27T16:47:58.858+0000][gc,metaspace  ] GC(20) Metaspace: 40696K(43088K)->40696K(43088K) NonClass: 35534K(36820K)->35534K(36820K) Class: 5161K(6268K)->5161K(6268K)
[2025-01-27T16:47:58.858+0000][gc            ] GC(20) Pause Young (Normal) (G1 Evacuation Pause) 443M->145M(1024M) 16.502ms
[2025-01-27T16:47:58.858+0000][gc,cpu        ] GC(20) User=0.02s Sys=0.00s Real=0.02s
[2025-01-27T16:52:28.784+0000][gc,start      ] GC(21) Pause Young (Normal) (G1 Evacuation Pause)
[2025-01-27T16:52:28.784+0000][gc,task       ] GC(21) Using 2 workers of 2 for evacuation
[2025-01-27T16:52:28.793+0000][gc,phases     ] GC(21)   Pre Evacuate Collection Set: 0.0ms
[2025-01-27T16:52:28.793+0000][gc,phases     ] GC(21)   Evacuate Collection Set: 8.1ms
[2025-01-27T16:52:28.793+0000][gc,phases     ] GC(21)   Post Evacuate Collection Set: 0.6ms
[2025-01-27T16:52:28.793+0000][gc,phases     ] GC(21)   Other: 0.3ms
[2025-01-27T16:52:28.793+0000][gc,heap       ] GC(21) Eden regions: 302->0(304)
[2025-01-27T16:52:28.793+0000][gc,heap       ] GC(21) Survivor regions: 4->3(39)
[2025-01-27T16:52:28.793+0000][gc,heap       ] GC(21) Old regions: 14->16
[2025-01-27T16:52:28.793+0000][gc,heap       ] GC(21) Humongous regions: 129->129
[2025-01-27T16:52:28.793+0000][gc,metaspace  ] GC(21) Metaspace: 40729K(43088K)->40729K(43088K) NonClass: 35568K(36820K)->35568K(36820K) Class: 5161K(6268K)->5161K(6268K)
[2025-01-27T16:52:28.793+0000][gc            ] GC(21) Pause Young (Normal) (G1 Evacuation Pause) 447M->145M(1024M) 9.178ms
[2025-01-27T16:52:28.793+0000][gc,cpu        ] GC(21) User=0.02s Sys=0.00s Real=0.00s
[2025-01-27T16:56:59.523+0000][gc,start      ] GC(22) Pause Young (Normal) (G1 Evacuation Pause)
[2025-01-27T16:56:59.523+0000][gc,task       ] GC(22) Using 2 workers of 2 for evacuation
[2025-01-27T16:56:59.529+0000][gc,phases     ] GC(22)   Pre Evacuate Collection Set: 0.0ms
[2025-01-27T16:56:59.529+0000][gc,phases     ] GC(22)   Evacuate Collection Set: 5.8ms
[2025-01-27T16:56:59.529+0000][gc,phases     ] GC(22)   Post Evacuate Collection Set: 0.4ms
[2025-01-27T16:56:59.529+0000][gc,phases     ] GC(22)   Other: 0.3ms
[2025-01-27T16:56:59.529+0000][gc,heap       ] GC(22) Eden regions: 304->0(315)
[2025-01-27T16:56:59.529+0000][gc,heap       ] GC(22) Survivor regions: 3->3(39)
[2025-01-27T16:56:59.529+0000][gc,heap       ] GC(22) Old regions: 16->16
[2025-01-27T16:56:59.529+0000][gc,heap       ] GC(22) Humongous regions: 129->129
[2025-01-27T16:56:59.529+0000][gc,metaspace  ] GC(22) Metaspace: 40756K(43088K)->40756K(43088K) NonClass: 35593K(36820K)->35593K(36820K) Class: 5163K(6268K)->5163K(6268K)
[2025-01-27T16:56:59.529+0000][gc            ] GC(22) Pause Young (Normal) (G1 Evacuation Pause) 449M->145M(1024M) 6.577ms
[2025-01-27T16:56:59.529+0000][gc,cpu        ] GC(22) User=0.01s Sys=0.01s Real=0.00s
[2025-01-27T17:01:40.784+0000][gc,start      ] GC(23) Pause Young (Normal) (G1 Evacuation Pause)
[2025-01-27T17:01:40.785+0000][gc,task       ] GC(23) Using 2 workers of 2 for evacuation
[2025-01-27T17:01:40.790+0000][gc,phases     ] GC(23)   Pre Evacuate Collection Set: 0.0ms
[2025-01-27T17:01:40.790+0000][gc,phases     ] GC(23)   Evacuate Collection Set: 5.3ms
[2025-01-27T17:01:40.790+0000][gc,phases     ] GC(23)   Post Evacuate Collection Set: 0.4ms
[2025-01-27T17:01:40.790+0000][gc,phases     ] GC(23)   Other: 0.3ms
[2025-01-27T17:01:40.790+0000][gc,heap       ] GC(23) Eden regions: 315->0(328)
[2025-01-27T17:01:40.790+0000][gc,heap       ] GC(23) Survivor regions: 3->3(40)
[2025-01-27T17:01:40.790+0000][gc,heap       ] GC(23) Old regions: 16->16
[2025-01-27T17:01:40.791+0000][gc,heap       ] GC(23) Humongous regions: 129->129
[2025-01-27T17:01:40.791+0000][gc,metaspace  ] GC(23) Metaspace: 40770K(43088K)->40770K(43088K) NonClass: 35607K(36820K)->35607K(36820K) Class: 5163K(6268K)->5163K(6268K)
[2025-01-27T17:01:40.791+0000][gc            ] GC(23) Pause Young (Normal) (G1 Evacuation Pause) 460M->145M(1024M) 6.153ms
[2025-01-27T17:01:40.791+0000][gc,cpu        ] GC(23) User=0.01s Sys=0.00s Real=0.00s
[2025-01-27T17:06:33.212+0000][gc,start      ] GC(24) Pause Young (Normal) (G1 Evacuation Pause)
[2025-01-27T17:06:33.212+0000][gc,task       ] GC(24) Using 2 workers of 2 for evacuation
[2025-01-27T17:06:33.218+0000][gc,phases     ] GC(24)   Pre Evacuate Collection Set: 0.0ms
[2025-01-27T17:06:33.218+0000][gc,phases     ] GC(24)   Evacuate Collection Set: 5.3ms
[2025-01-27T17:06:33.218+0000][gc,phases     ] GC(24)   Post Evacuate Collection Set: 0.6ms
[2025-01-27T17:06:33.218+0000][gc,phases     ] GC(24)   Other: 0.3ms
[2025-01-27T17:06:33.218+0000][gc,heap       ] GC(24) Eden regions: 328->0(393)
[2025-01-27T17:06:33.218+0000][gc,heap       ] GC(24) Survivor regions: 3->3(42)
[2025-01-27T17:06:33.218+0000][gc,heap       ] GC(24) Old regions: 16->16
[2025-01-27T17:06:33.218+0000][gc,heap       ] GC(24) Humongous regions: 129->129
[2025-01-27T17:06:33.218+0000][gc,metaspace  ] GC(24) Metaspace: 40785K(43088K)->40785K(43088K) NonClass: 35622K(36820K)->35622K(36820K) Class: 5163K(6268K)->5163K(6268K)
[2025-01-27T17:06:33.218+0000][gc            ] GC(24) Pause Young (Normal) (G1 Evacuation Pause) 473M->145M(1024M) 6.331ms
[2025-01-27T17:06:33.218+0000][gc,cpu        ] GC(24) User=0.01s Sys=0.00s Real=0.01s
[2025-01-27T17:12:24.120+0000][gc,start      ] GC(25) Pause Young (Normal) (G1 Evacuation Pause)
[2025-01-27T17:12:24.120+0000][gc,task       ] GC(25) Using 2 workers of 2 for evacuation
[2025-01-27T17:12:24.126+0000][gc,phases     ] GC(25)   Pre Evacuate Collection Set: 0.0ms
[2025-01-27T17:12:24.126+0000][gc,phases     ] GC(25)   Evacuate Collection Set: 5.7ms
[2025-01-27T17:12:24.126+0000][gc,phases     ] GC(25)   Post Evacuate Collection Set: 0.4ms
[2025-01-27T17:12:24.126+0000][gc,phases     ] GC(25)   Other: 0.2ms
[2025-01-27T17:12:24.126+0000][gc,heap       ] GC(25) Eden regions: 393->0(408)
[2025-01-27T17:12:24.126+0000][gc,heap       ] GC(25) Survivor regions: 3->3(50)
[2025-01-27T17:12:24.126+0000][gc,heap       ] GC(25) Old regions: 16->16
[2025-01-27T17:12:24.126+0000][gc,heap       ] GC(25) Humongous regions: 129->129
[2025-01-27T17:12:24.126+0000][gc,metaspace  ] GC(25) Metaspace: 40813K(43088K)->40813K(43088K) NonClass: 35649K(36820K)->35649K(36820K) Class: 5163K(6268K)->5163K(6268K)
[2025-01-27T17:12:24.126+0000][gc            ] GC(25) Pause Young (Normal) (G1 Evacuation Pause) 538M->145M(1024M) 6.417ms
[2025-01-27T17:12:24.126+0000][gc,cpu        ] GC(25) User=0.01s Sys=0.00s Real=0.01s
[2025-01-27T17:18:27.702+0000][gc,start      ] GC(26) Pause Young (Normal) (G1 Evacuation Pause)
[2025-01-27T17:18:27.702+0000][gc,task       ] GC(26) Using 2 workers of 2 for evacuation
[2025-01-27T17:18:27.708+0000][gc,phases     ] GC(26)   Pre Evacuate Collection Set: 0.0ms
[2025-01-27T17:18:27.708+0000][gc,phases     ] GC(26)   Evacuate Collection Set: 5.6ms
[2025-01-27T17:18:27.708+0000][gc,phases     ] GC(26)   Post Evacuate Collection Set: 0.6ms
[2025-01-27T17:18:27.708+0000][gc,phases     ] GC(26)   Other: 0.2ms
[2025-01-27T17:18:27.708+0000][gc,heap       ] GC(26) Eden regions: 408->0(427)
[2025-01-27T17:18:27.708+0000][gc,heap       ] GC(26) Survivor regions: 3->3(52)
[2025-01-27T17:18:27.708+0000][gc,heap       ] GC(26) Old regions: 16->16
[2025-01-27T17:18:27.708+0000][gc,heap       ] GC(26) Humongous regions: 129->129
[2025-01-27T17:18:27.708+0000][gc,metaspace  ] GC(26) Metaspace: 40861K(43088K)->40861K(43088K) NonClass: 35697K(36820K)->35697K(36820K) Class: 5163K(6268K)->5163K(6268K)
[2025-01-27T17:18:27.708+0000][gc            ] GC(26) Pause Young (Normal) (G1 Evacuation Pause) 553M->146M(1024M) 6.525ms
[2025-01-27T17:18:27.708+0000][gc,cpu        ] GC(26) User=0.01s Sys=0.00s Real=0.01s
[2025-01-27T17:24:47.639+0000][gc,start      ] GC(27) Pause Young (Normal) (G1 Evacuation Pause)
[2025-01-27T17:24:47.639+0000][gc,task       ] GC(27) Using 2 workers of 2 for evacuation
[2025-01-27T17:24:47.646+0000][gc,phases     ] GC(27)   Pre Evacuate Collection Set: 0.0ms
[2025-01-27T17:24:47.646+0000][gc,phases     ] GC(27)   Evacuate Collection Set: 6.3ms
[2025-01-27T17:24:47.646+0000][gc,phases     ] GC(27)   Post Evacuate Collection Set: 0.6ms
[2025-01-27T17:24:47.646+0000][gc,phases     ] GC(27)   Other: 0.2ms
[2025-01-27T17:24:47.646+0000][gc,heap       ] GC(27) Eden regions: 427->0(498)
[2025-01-27T17:24:47.646+0000][gc,heap       ] GC(27) Survivor regions: 3->3(54)
[2025-01-27T17:24:47.646+0000][gc,heap       ] GC(27) Old regions: 16->16
[2025-01-27T17:24:47.646+0000][gc,heap       ] GC(27) Humongous regions: 129->129
[2025-01-27T17:24:47.646+0000][gc,metaspace  ] GC(27) Metaspace: 40892K(43344K)->40892K(43344K) NonClass: 35728K(37076K)->35728K(37076K) Class: 5163K(6268K)->5163K(6268K)
[2025-01-27T17:24:47.646+0000][gc            ] GC(27) Pause Young (Normal) (G1 Evacuation Pause) 573M->146M(1024M) 7.222ms
[2025-01-27T17:24:47.646+0000][gc,cpu        ] GC(27) User=0.01s Sys=0.01s Real=0.01s
[2025-01-27T17:32:11.344+0000][gc,start      ] GC(28) Pause Young (Normal) (G1 Evacuation Pause)
[2025-01-27T17:32:11.344+0000][gc,task       ] GC(28) Using 2 workers of 2 for evacuation
[2025-01-27T17:32:11.351+0000][gc,phases     ] GC(28)   Pre Evacuate Collection Set: 0.0ms
[2025-01-27T17:32:11.351+0000][gc,phases     ] GC(28)   Evacuate Collection Set: 5.8ms
[2025-01-27T17:32:11.351+0000][gc,phases     ] GC(28)   Post Evacuate Collection Set: 0.7ms
[2025-01-27T17:32:11.351+0000][gc,phases     ] GC(28)   Other: 0.2ms
[2025-01-27T17:32:11.351+0000][gc,heap       ] GC(28) Eden regions: 498->0(515)
[2025-01-27T17:32:11.351+0000][gc,heap       ] GC(28) Survivor regions: 3->3(63)
[2025-01-27T17:32:11.351+0000][gc,heap       ] GC(28) Old regions: 16->16
[2025-01-27T17:32:11.351+0000][gc,heap       ] GC(28) Humongous regions: 129->129
[2025-01-27T17:32:11.351+0000][gc,metaspace  ] GC(28) Metaspace: 40937K(43344K)->40937K(43344K) NonClass: 35774K(37076K)->35774K(37076K) Class: 5163K(6268K)->5163K(6268K)
[2025-01-27T17:32:11.351+0000][gc            ] GC(28) Pause Young (Normal) (G1 Evacuation Pause) 644M->146M(1024M) 6.856ms
[2025-01-27T17:32:11.351+0000][gc,cpu        ] GC(28) User=0.02s Sys=0.00s Real=0.00s
