[2025-01-27T14:16:59.940+0000][gc,heap] Heap region size: 1M
[2025-01-27T14:16:59.945+0000][gc     ] Using G1
[2025-01-27T14:16:59.945+0000][gc,heap,coops] Heap address: 0x00000000e0000000, size: 512 MB, Compressed Oops mode: 32-bit
[2025-01-27T14:16:59.945+0000][gc,cds       ] Mark closed archive regions in map: [0x00000000fff00000, 0x00000000fff6bff8]
[2025-01-27T14:16:59.945+0000][gc,cds       ] Mark open archive regions in map: [0x00000000ffe00000, 0x00000000ffe47ff8]
[2025-01-27T14:18:17.523+0000][gc,start     ] GC(0) Pause Young (Normal) (G1 Evacuation Pause)
[2025-01-27T14:18:17.523+0000][gc,task      ] GC(0) Using 2 workers of 2 for evacuation
[2025-01-27T14:18:17.533+0000][gc,phases    ] GC(0)   Pre Evacuate Collection Set: 0.0ms
[2025-01-27T14:18:17.533+0000][gc,phases    ] GC(0)   Evacuate Collection Set: 9.7ms
[2025-01-27T14:18:17.533+0000][gc,phases    ] GC(0)   Post Evacuate Collection Set: 0.2ms
[2025-01-27T14:18:17.533+0000][gc,phases    ] GC(0)   Other: 0.2ms
[2025-01-27T14:18:17.533+0000][gc,heap      ] GC(0) Eden regions: 25->0(21)
[2025-01-27T14:18:17.533+0000][gc,heap      ] GC(0) Survivor regions: 0->4(4)
[2025-01-27T14:18:17.533+0000][gc,heap      ] GC(0) Old regions: 2->4
[2025-01-27T14:18:17.533+0000][gc,heap      ] GC(0) Humongous regions: 0->0
[2025-01-27T14:18:17.533+0000][gc,metaspace ] GC(0) Metaspace: 7749K(8192K)->7749K(8192K) NonClass: 6868K(7168K)->6868K(7168K) Class: 880K(1024K)->880K(1024K)
[2025-01-27T14:18:17.533+0000][gc           ] GC(0) Pause Young (Normal) (G1 Evacuation Pause) 25M->6M(512M) 10.297ms
[2025-01-27T14:18:17.533+0000][gc,cpu       ] GC(0) User=0.01s Sys=0.01s Real=0.00s
